../Core/Src/main.c:86:5:main	32	static
../Core/Src/main.c:201:6:SystemClock_Config	80	static
../Core/Src/main.c:242:13:MX_ADC_Init	24	static
../Core/Src/main.c:296:13:MX_TIM3_Init	32	static
../Core/Src/main.c:341:13:MX_USART2_UART_Init	8	static
../Core/Src/main.c:374:13:MX_DMA_Init	16	static
../Core/Src/main.c:395:13:MX_GPIO_Init	48	static
../Core/Src/main.c:438:6:EXTI0_1_IRQHandler	16	static
../Core/Src/main.c:455:9:pollADC	16	static
../Core/Src/main.c:469:10:decToBinConvert	32	static
../Core/Src/main.c:493:6:transmit	32	static
../Core/Src/main.c:544:6:Error_Handler	8	static,ignoring_inline_asm
