../Core/Src/main.c:80:5:main	16	static
../Core/Src/main.c:154:6:SystemClock_Config	80	static
../Core/Src/main.c:195:13:MX_ADC_Init	24	static
../Core/Src/main.c:249:13:MX_TIM3_Init	64	static
../Core/Src/main.c:308:13:MX_USART2_UART_Init	8	static
../Core/Src/main.c:341:13:MX_DMA_Init	16	static
../Core/Src/main.c:362:13:MX_GPIO_Init	56	static
../Core/Src/main.c:407:6:EXTI0_1_IRQHandler	16	static
../Core/Src/main.c:423:10:pollADC	16	static
../Core/Src/main.c:436:10:decToBinConvert	32	static
../Core/Src/main.c:461:6:transmit	16	static
../Core/Src/main.c:473:6:Error_Handler	8	static,ignoring_inline_asm
