../Core/Src/stm32f0xx_it.c:72:6:NMI_Handler	8	static
../Core/Src/stm32f0xx_it.c:87:6:HardFault_Handler	8	static
../Core/Src/stm32f0xx_it.c:102:6:SVC_Handler	8	static
../Core/Src/stm32f0xx_it.c:115:6:PendSV_Handler	8	static
../Core/Src/stm32f0xx_it.c:128:6:SysTick_Handler	8	static
../Core/Src/stm32f0xx_it.c:152:6:DMA1_Channel1_IRQHandler	8	static
../Core/Src/stm32f0xx_it.c:166:6:DMA1_Channel4_5_IRQHandler	8	static
../Core/Src/stm32f0xx_it.c:180:6:ADC1_COMP_IRQHandler	8	static
../Core/Src/stm32f0xx_it.c:194:6:USART2_IRQHandler	8	static
