../Core/Src/main.c:77:5:main	16	static
../Core/Src/main.c:145:6:SystemClock_Config	80	static
../Core/Src/main.c:186:13:MX_ADC_Init	24	static
../Core/Src/main.c:243:13:MX_USART2_UART_Init	8	static
../Core/Src/main.c:278:13:MX_GPIO_Init	48	static
../Core/Src/main.c:315:6:EXTI0_1_IRQHandler	8	static
../Core/Src/main.c:332:10:pollADC	16	static
../Core/Src/main.c:349:9:arrayToData	16	static
../Core/Src/main.c:362:6:readSignal	32	static
../Core/Src/main.c:440:6:Error_Handler	8	static,ignoring_inline_asm
