../Core/Src/main.c:87:5:main	24	static
../Core/Src/main.c:204:6:SystemClock_Config	80	static
../Core/Src/main.c:245:13:MX_ADC_Init	24	static
../Core/Src/main.c:299:13:MX_TIM3_Init	32	static
../Core/Src/main.c:344:13:MX_USART2_UART_Init	8	static
../Core/Src/main.c:377:13:MX_DMA_Init	16	static
../Core/Src/main.c:398:13:MX_GPIO_Init	48	static
../Core/Src/main.c:441:6:EXTI0_1_IRQHandler	16	static
../Core/Src/main.c:458:9:pollADC	16	static
../Core/Src/main.c:472:10:decToBinConvert	32	static
../Core/Src/main.c:498:6:transmit	24	static
../Core/Src/main.c:533:6:Error_Handler	8	static,ignoring_inline_asm
